<?xml version="1.0" encoding="UTF-8" ?>
<testsuites name="vitest tests" tests="23" failures="0" errors="0" time="12.6100759">
    <testsuite name="test/AuthRoute.test.ts" timestamp="2026-07-14T22:54:27.940Z" hostname="Jane" tests="2" failures="0" errors="0" skipped="0" time="0.6713566">
        <testcase classname="test/AuthRoute.test.ts" name="Auth Tests &gt; Can make login request." time="0.0819669">
        </testcase>
        <testcase classname="test/AuthRoute.test.ts" name="Auth Tests &gt; Can make logout request." time="0.0330849">
        </testcase>
    </testsuite>
    <testsuite name="test/OrderRoute.test.ts" timestamp="2026-07-14T22:54:27.943Z" hostname="Jane" tests="7" failures="0" errors="0" skipped="0" time="0.7576647">
        <testcase classname="test/OrderRoute.test.ts" name="Order Tests &gt; Can make count request." time="0.0297285">
        </testcase>
        <testcase classname="test/OrderRoute.test.ts" name="Order Tests &gt; Can make create request." time="0.0194096">
        </testcase>
        <testcase classname="test/OrderRoute.test.ts" name="Order Tests &gt; Can make delete request." time="0.0111207">
        </testcase>
        <testcase classname="test/OrderRoute.test.ts" name="Order Tests &gt; Can make findAll request." time="0.0112943">
        </testcase>
        <testcase classname="test/OrderRoute.test.ts" name="Order Tests &gt; Can make findById request." time="0.0075049">
        </testcase>
        <testcase classname="test/OrderRoute.test.ts" name="Order Tests &gt; Can make truncate request." time="0.012033">
        </testcase>
        <testcase classname="test/OrderRoute.test.ts" name="Order Tests &gt; Can make update request." time="0.010054">
        </testcase>
    </testsuite>
    <testsuite name="test/PetRoute.test.ts" timestamp="2026-07-14T22:54:27.944Z" hostname="Jane" tests="7" failures="0" errors="0" skipped="0" time="0.8940014">
        <testcase classname="test/PetRoute.test.ts" name="Pet Tests &gt; Can make count request." time="0.0227746">
        </testcase>
        <testcase classname="test/PetRoute.test.ts" name="Pet Tests &gt; Can make create request." time="0.0170559">
        </testcase>
        <testcase classname="test/PetRoute.test.ts" name="Pet Tests &gt; Can make delete request." time="0.0098185">
        </testcase>
        <testcase classname="test/PetRoute.test.ts" name="Pet Tests &gt; Can make findAll request." time="0.0097844">
        </testcase>
        <testcase classname="test/PetRoute.test.ts" name="Pet Tests &gt; Can make findById request." time="0.006163">
        </testcase>
        <testcase classname="test/PetRoute.test.ts" name="Pet Tests &gt; Can make truncate request." time="0.0090773">
        </testcase>
        <testcase classname="test/PetRoute.test.ts" name="Pet Tests &gt; Can make update request." time="0.0088121">
        </testcase>
    </testsuite>
    <testsuite name="test/UserRoute.test.ts" timestamp="2026-07-14T22:54:27.945Z" hostname="Jane" tests="7" failures="0" errors="0" skipped="0" time="10.2870532">
        <testcase classname="test/UserRoute.test.ts" name="User Tests &gt; Can make count request." time="0.1837216">
        </testcase>
        <testcase classname="test/UserRoute.test.ts" name="User Tests &gt; Can make create request." time="0.0540875">
        </testcase>
        <testcase classname="test/UserRoute.test.ts" name="User Tests &gt; Can make delete request." time="0.0456172">
        </testcase>
        <testcase classname="test/UserRoute.test.ts" name="User Tests &gt; Can make findAll request." time="0.1773946">
        </testcase>
        <testcase classname="test/UserRoute.test.ts" name="User Tests &gt; Can make findById request." time="0.0419843">
        </testcase>
        <testcase classname="test/UserRoute.test.ts" name="User Tests &gt; Can make truncate request." time="0.1737256">
        </testcase>
        <testcase classname="test/UserRoute.test.ts" name="User Tests &gt; Can make update request." time="0.0751994">
        </testcase>
    </testsuite>
</testsuites>
